Reusing configuration cache.
> Task :app:preBuild UP-TO-DATE
> Task :app:preDebugBuild UP-TO-DATE
> Task :app:processDebugGoogleServices UP-TO-DATE
> Task :app:generateDebugBuildConfig UP-TO-DATE
> Task :app:generateDebugResources
> Task :app:processDebugNavigationResources
> Task :app:packageDebugResources
> Task :app:parseDebugLocalResources
> Task :app:generateDebugRFile
> Task :app:kspDebugKotlin

> Task :app:compileDebugKotlin FAILED
e: file:///app/applet/app/src/main/java/com/spinel/tolstoyreader/ui/screens/ReaderScreen.kt:338:9 No value passed for parameter 'content'.
e: file:///app/applet/app/src/main/java/com/spinel/tolstoyreader/ui/screens/ReaderScreen.kt:503:16 Syntax error: Expecting ')'.
e: file:///app/applet/app/src/main/java/com/spinel/tolstoyreader/ui/screens/ReaderScreen.kt:504:14 Syntax error: Unexpected tokens (use ';' to separate expressions on the same line).
e: file:///app/applet/app/src/main/java/com/spinel/tolstoyreader/ui/screens/ReaderScreen.kt:505:13 Unresolved reference 'bottomBar'.
e: file:///app/applet/app/src/main/java/com/spinel/tolstoyreader/ui/screens/ReaderScreen.kt:506:15 @Composable invocations can only happen from the context of a @Composable function
e: file:///app/applet/app/src/main/java/com/spinel/tolstoyreader/ui/screens/ReaderScreen.kt:565:9 Syntax error: Expecting an element.
e: file:///app/applet/app/src/main/java/com/spinel/tolstoyreader/ui/screens/ReaderScreen.kt:565:13 An explicit type is required on a value parameter.
e: file:///app/applet/app/src/main/java/com/spinel/tolstoyreader/ui/screens/ReaderScreen.kt:566:13 @Composable invocations can only happen from the context of a @Composable function
e: file:///app/applet/app/src/main/java/com/spinel/tolstoyreader/ui/screens/ReaderScreen.kt:571:55 @Composable invocations can only happen from the context of a @Composable function
e: file:///app/applet/app/src/main/java/com/spinel/tolstoyreader/ui/screens/ReaderScreen.kt:812:17 @Composable invocations can only happen from the context of a @Composable function
e: file:///app/applet/app/src/main/java/com/spinel/tolstoyreader/ui/screens/ReaderScreen.kt:1011:1 Syntax error: Expecting a top level declaration.

FAILURE: Build failed with an exception.

* What went wrong:
Execution failed for task ':app:compileDebugKotlin'.
> A failure occurred while executing org.jetbrains.kotlin.compilerRunner.GradleCompilerRunnerWithWorkers$GradleKotlinCompilerWorkAction
   > Compilation error. See log for more details

* Try:
> Run with --stacktrace option to get the stack trace.
> Run with --info or --debug option to get more log output.
> Run with --scan to get full insights from a Build Scan (powered by Develocity).
> Get more help at https://help.gradle.org.

BUILD FAILED in 17s
9 actionable tasks: 7 executed, 2 up-to-date
Configuration cache entry reused.
